// Jest Snapshot v1, https://goo.gl/fbAQLP

exports[`form fields should match snapshot 1`] = `
<DocumentFragment>
  <form
    action="https://public.herotofu.com/v1/7400a8d0-09cd-11ee-8267-d3eb100789b4"
    method="POST"
  >
    <div
      id="formFieldsWrapper"
    >
      <div
        class="formFields"
      >
        <label
          class="formFieldNames"
          for="name"
        >
          Name
        </label>
        <input
          id="name"
          name="name"
          required=""
          type="text"
          value=""
        />
      </div>
      <div
        class="formFields"
      >
        <label
          class="formFieldNames"
          for="email"
        >
          Email Address
        </label>
        <input
          id="email"
          name="email"
          required=""
          type="email"
          value=""
        />
      </div>
      <div
        class="formFields"
      >
        <label
          class="formFieldNames"
          for="subject"
        >
          Subject
        </label>
        <input
          id="subject"
          name="subject"
          required=""
          type="text"
          value=""
        />
      </div>
      <div
        class="formFields"
      >
        <label
          class="formFieldNames"
          for="message"
        >
          Message
        </label>
        <textarea
          id="message"
          name="message"
          required=""
        />
      </div>
      <button
        class="submitBtn"
        id="submit"
        name="submit"
        type="submit"
        value="submit"
      >
         submit
      </button>
    </div>
  </form>
</DocumentFragment>
`;
